// Jest Snapshot v1, https://goo.gl/fbAQLP

exports[`<DesktopNavTabs/> renders correctly without crashing 1`] = `
<div
  className="MuiBox-root css-gs389c-root"
>
  <div
    className="MuiTabs-root css-s7ydoq-MuiTabs-root-desktopTabs"
  >
    <div
      className="MuiTabs-scroller MuiTabs-fixed css-jpln7h-MuiTabs-scroller"
      style={
        Object {
          "marginBottom": -0,
          "overflow": "hidden",
        }
      }
    >
      <div
        aria-orientation={null}
        className="MuiTabs-flexContainer MuiTabs-centered css-1wf8b0h-MuiTabs-flexContainer"
        onKeyDown={[Function]}
        role="tablist"
      >
        <button
          aria-selected={true}
          className="MuiButtonBase-root MuiTab-root MuiTab-textColorPrimary Mui-selected css-1423l1g-MuiButtonBase-root-MuiTab-root"
          disabled={false}
          onBlur={[Function]}
          onClick={[Function]}
          onContextMenu={[Function]}
          onDragLeave={[Function]}
          onFocus={[Function]}
          onKeyDown={[Function]}
          onKeyUp={[Function]}
          onMouseDown={[Function]}
          onMouseLeave={[Function]}
          onMouseUp={[Function]}
          onTouchEnd={[Function]}
          onTouchMove={[Function]}
          onTouchStart={[Function]}
          role="tab"
          tabIndex={0}
          type="button"
        >
          home
          <span
            className="MuiTabs-indicator css-u83qgz-MuiTabs-indicator"
            style={Object {}}
          />
        </button>
        <button
          aria-selected={false}
          className="MuiButtonBase-root MuiTab-root MuiTab-textColorPrimary css-1423l1g-MuiButtonBase-root-MuiTab-root"
          disabled={false}
          onBlur={[Function]}
          onClick={[Function]}
          onContextMenu={[Function]}
          onDragLeave={[Function]}
          onFocus={[Function]}
          onKeyDown={[Function]}
          onKeyUp={[Function]}
          onMouseDown={[Function]}
          onMouseLeave={[Function]}
          onMouseUp={[Function]}
          onTouchEnd={[Function]}
          onTouchMove={[Function]}
          onTouchStart={[Function]}
          role="tab"
          tabIndex={-1}
          type="button"
        >
          services
        </button>
        <button
          aria-selected={false}
          className="MuiButtonBase-root MuiTab-root MuiTab-textColorPrimary css-1423l1g-MuiButtonBase-root-MuiTab-root"
          disabled={false}
          onBlur={[Function]}
          onClick={[Function]}
          onContextMenu={[Function]}
          onDragLeave={[Function]}
          onFocus={[Function]}
          onKeyDown={[Function]}
          onKeyUp={[Function]}
          onMouseDown={[Function]}
          onMouseLeave={[Function]}
          onMouseUp={[Function]}
          onTouchEnd={[Function]}
          onTouchMove={[Function]}
          onTouchStart={[Function]}
          role="tab"
          tabIndex={-1}
          type="button"
        >
          pricing
        </button>
        <button
          aria-selected={false}
          className="MuiButtonBase-root MuiTab-root MuiTab-textColorPrimary css-1423l1g-MuiButtonBase-root-MuiTab-root"
          disabled={false}
          onBlur={[Function]}
          onClick={[Function]}
          onContextMenu={[Function]}
          onDragLeave={[Function]}
          onFocus={[Function]}
          onKeyDown={[Function]}
          onKeyUp={[Function]}
          onMouseDown={[Function]}
          onMouseLeave={[Function]}
          onMouseUp={[Function]}
          onTouchEnd={[Function]}
          onTouchMove={[Function]}
          onTouchStart={[Function]}
          role="tab"
          tabIndex={-1}
          type="button"
        >
          blog
        </button>
        <button
          aria-selected={false}
          className="MuiButtonBase-root MuiTab-root MuiTab-textColorPrimary css-1423l1g-MuiButtonBase-root-MuiTab-root"
          disabled={false}
          onBlur={[Function]}
          onClick={[Function]}
          onContextMenu={[Function]}
          onDragLeave={[Function]}
          onFocus={[Function]}
          onKeyDown={[Function]}
          onKeyUp={[Function]}
          onMouseDown={[Function]}
          onMouseLeave={[Function]}
          onMouseUp={[Function]}
          onTouchEnd={[Function]}
          onTouchMove={[Function]}
          onTouchStart={[Function]}
          role="tab"
          tabIndex={-1}
          type="button"
        >
          gallery
        </button>
        <button
          aria-selected={false}
          className="MuiButtonBase-root MuiTab-root MuiTab-textColorPrimary css-1423l1g-MuiButtonBase-root-MuiTab-root"
          disabled={false}
          onBlur={[Function]}
          onClick={[Function]}
          onContextMenu={[Function]}
          onDragLeave={[Function]}
          onFocus={[Function]}
          onKeyDown={[Function]}
          onKeyUp={[Function]}
          onMouseDown={[Function]}
          onMouseLeave={[Function]}
          onMouseUp={[Function]}
          onTouchEnd={[Function]}
          onTouchMove={[Function]}
          onTouchStart={[Function]}
          role="tab"
          tabIndex={-1}
          type="button"
        >
          shop
        </button>
        <button
          aria-selected={false}
          className="MuiButtonBase-root MuiTab-root MuiTab-textColorPrimary css-1423l1g-MuiButtonBase-root-MuiTab-root"
          disabled={false}
          onBlur={[Function]}
          onClick={[Function]}
          onContextMenu={[Function]}
          onDragLeave={[Function]}
          onFocus={[Function]}
          onKeyDown={[Function]}
          onKeyUp={[Function]}
          onMouseDown={[Function]}
          onMouseLeave={[Function]}
          onMouseUp={[Function]}
          onTouchEnd={[Function]}
          onTouchMove={[Function]}
          onTouchStart={[Function]}
          role="tab"
          tabIndex={-1}
          type="button"
        >
          about
        </button>
      </div>
    </div>
  </div>
</div>
`;
